Archive member included to satisfy reference by file (symbol)

c:/program files (x86)/atmel/studio/7.0/toolchain/arm/arm-gnu-toolchain/bin/../lib/gcc/arm-none-eabi/6.3.1/thumb/v7e-m\libgcc.a(_arm_addsubdf3.o)
                              main.o (__aeabi_dsub)
c:/program files (x86)/atmel/studio/7.0/toolchain/arm/arm-gnu-toolchain/bin/../lib/gcc/arm-none-eabi/6.3.1/thumb/v7e-m\libgcc.a(_arm_muldivdf3.o)
                              main.o (__aeabi_ddiv)
c:/program files (x86)/atmel/studio/7.0/toolchain/arm/arm-gnu-toolchain/bin/../lib/gcc/arm-none-eabi/6.3.1/thumb/v7e-m\libgcc.a(_arm_truncdfsf2.o)
                              main.o (__aeabi_d2f)
c:/program files (x86)/atmel/studio/7.0/toolchain/arm/arm-gnu-toolchain/bin/../lib/gcc/arm-none-eabi/6.3.1/thumb/v7e-m\libgcc.a(_arm_addsubsf3.o)
                              main.o (__aeabi_i2f)
c:/program files (x86)/atmel/studio/7.0/toolchain/arm/arm-gnu-toolchain/bin/../lib/gcc/arm-none-eabi/6.3.1/thumb/v7e-m\libgcc.a(_arm_muldivsf3.o)
                              main.o (__aeabi_fmul)
c:/program files (x86)/atmel/studio/7.0/toolchain/arm/arm-gnu-toolchain/bin/../lib/gcc/arm-none-eabi/6.3.1/thumb/v7e-m\libgcc.a(_arm_fixsfsi.o)
                              main.o (__aeabi_f2iz)
c:/program files (x86)/atmel/studio/7.0/toolchain/arm/arm-gnu-toolchain/bin/../lib/gcc/arm-none-eabi/6.3.1/../../../../arm-none-eabi/lib/thumb/v7e-m\libc.a(lib_a-exit.o)
                              c:/program files (x86)/atmel/studio/7.0/toolchain/arm/arm-gnu-toolchain/bin/../lib/gcc/arm-none-eabi/6.3.1/../../../../arm-none-eabi/lib/thumb/v7e-m/crt0.o (exit)
c:/program files (x86)/atmel/studio/7.0/toolchain/arm/arm-gnu-toolchain/bin/../lib/gcc/arm-none-eabi/6.3.1/../../../../arm-none-eabi/lib/thumb/v7e-m\libc.a(lib_a-impure.o)
                              c:/program files (x86)/atmel/studio/7.0/toolchain/arm/arm-gnu-toolchain/bin/../lib/gcc/arm-none-eabi/6.3.1/../../../../arm-none-eabi/lib/thumb/v7e-m\libc.a(lib_a-exit.o) (_global_impure_ptr)
c:/program files (x86)/atmel/studio/7.0/toolchain/arm/arm-gnu-toolchain/bin/../lib/gcc/arm-none-eabi/6.3.1/../../../../arm-none-eabi/lib/thumb/v7e-m\libc.a(lib_a-init.o)
                              c:/program files (x86)/atmel/studio/7.0/toolchain/arm/arm-gnu-toolchain/bin/../lib/gcc/arm-none-eabi/6.3.1/../../../../arm-none-eabi/lib/thumb/v7e-m/crt0.o (__libc_init_array)
c:/program files (x86)/atmel/studio/7.0/toolchain/arm/arm-gnu-toolchain/bin/../lib/gcc/arm-none-eabi/6.3.1/../../../../arm-none-eabi/lib/thumb/v7e-m\libc.a(lib_a-memset.o)
                              c:/program files (x86)/atmel/studio/7.0/toolchain/arm/arm-gnu-toolchain/bin/../lib/gcc/arm-none-eabi/6.3.1/../../../../arm-none-eabi/lib/thumb/v7e-m/crt0.o (memset)
c:/program files (x86)/atmel/studio/7.0/toolchain/arm/arm-gnu-toolchain/bin/../lib/gcc/arm-none-eabi/6.3.1/../../../../arm-none-eabi/lib/thumb/v7e-m\libc.a(lib_a-__call_atexit.o)
                              c:/program files (x86)/atmel/studio/7.0/toolchain/arm/arm-gnu-toolchain/bin/../lib/gcc/arm-none-eabi/6.3.1/../../../../arm-none-eabi/lib/thumb/v7e-m\libc.a(lib_a-exit.o) (__call_exitprocs)
c:/program files (x86)/atmel/studio/7.0/toolchain/arm/arm-gnu-toolchain/bin/../lib/gcc/arm-none-eabi/6.3.1/../../../../arm-none-eabi/lib/thumb/v7e-m\libc.a(lib_a-atexit.o)
                              c:/program files (x86)/atmel/studio/7.0/toolchain/arm/arm-gnu-toolchain/bin/../lib/gcc/arm-none-eabi/6.3.1/../../../../arm-none-eabi/lib/thumb/v7e-m\libc.a(lib_a-__call_atexit.o) (atexit)
c:/program files (x86)/atmel/studio/7.0/toolchain/arm/arm-gnu-toolchain/bin/../lib/gcc/arm-none-eabi/6.3.1/../../../../arm-none-eabi/lib/thumb/v7e-m\libc.a(lib_a-fini.o)
                              c:/program files (x86)/atmel/studio/7.0/toolchain/arm/arm-gnu-toolchain/bin/../lib/gcc/arm-none-eabi/6.3.1/../../../../arm-none-eabi/lib/thumb/v7e-m\libc.a(lib_a-__call_atexit.o) (__libc_fini_array)
c:/program files (x86)/atmel/studio/7.0/toolchain/arm/arm-gnu-toolchain/bin/../lib/gcc/arm-none-eabi/6.3.1/../../../../arm-none-eabi/lib/thumb/v7e-m\libc.a(lib_a-lock.o)
                              c:/program files (x86)/atmel/studio/7.0/toolchain/arm/arm-gnu-toolchain/bin/../lib/gcc/arm-none-eabi/6.3.1/../../../../arm-none-eabi/lib/thumb/v7e-m\libc.a(lib_a-__call_atexit.o) (__retarget_lock_acquire_recursive)
c:/program files (x86)/atmel/studio/7.0/toolchain/arm/arm-gnu-toolchain/bin/../lib/gcc/arm-none-eabi/6.3.1/../../../../arm-none-eabi/lib/thumb/v7e-m\libc.a(lib_a-__atexit.o)
                              c:/program files (x86)/atmel/studio/7.0/toolchain/arm/arm-gnu-toolchain/bin/../lib/gcc/arm-none-eabi/6.3.1/../../../../arm-none-eabi/lib/thumb/v7e-m\libc.a(lib_a-atexit.o) (__register_exitproc)

Allocating common symbols
Common symbol       size              file

__lock___atexit_recursive_mutex
[...]
Memory Configuration

Name             Origin             Length             Attributes
rom              0x00000000         0x00100000         xr
ram              0x20000000         0x00040000         xrw
bkupram          0x47000000         0x00002000         xrw
qspi             0x04000000         0x01000000         xrw
*default*        0x00000000         0xffffffff

Linker script and memory map

LOAD c:/program files (x86)/atmel/studio/7.0/toolchain/arm/arm-gnu-toolchain/bin/../lib/gcc/arm-none-eabi/6.3.1/thumb/v7e-m/crti.o
LOAD c:/program files (x86)/atmel/studio/7.0/toolchain/arm/arm-gnu-toolchain/bin/../lib/gcc/arm-none-eabi/6.3.1/thumb/v7e-m/crtbegin.o
LOAD c:/program files (x86)/atmel/studio/7.0/toolchain/arm/arm-gnu-toolchain/bin/../lib/gcc/arm-none-eabi/6.3.1/../../../../arm-none-eabi/lib/thumb/v7e-m/crt0.o
LOAD comm.o
LOAD Device_Startup/startup_same54.o
LOAD Device_Startup/system_same54.o
LOAD lasers.o
LOAD main.o
LOAD motor.o
LOAD temp.o
START GROUP
LOAD c:/program files (x86)/atmel/studio/7.0/toolchain/arm/arm-gnu-toolchain/bin/../lib/gcc/arm-none-eabi/6.3.1/../../../../arm-none-eabi/lib/thumb/v7e-m\libm.a
END GROUP
START GROUP
LOAD c:/program files (x86)/atmel/studio/7.0/toolchain/arm/arm-gnu-toolchain/bin/../lib/gcc/arm-none-eabi/6.3.1/thumb/v7e-m\libgcc.a
LOAD c:/program files (x86)/atmel/studio/7.0/toolchain/arm/arm-gnu-toolchain/bin/../lib/gcc/arm-none-eabi/6.3.1/../../../../arm-none-eabi/lib/thumb/v7e-m\libc.a
END GROUP
LOAD c:/program files (x86)/atmel/studio/7.0/toolchain/arm/arm-gnu-toolchain/bin/../lib/gcc/arm-none-eabi/6.3.1/thumb/v7e-m/crtend.o
LOAD c:/program files (x86)/atmel/studio/7.0/toolchain/arm/arm-gnu-toolchain/bin/../lib/gcc/arm-none-eabi/6.3.1/thumb/v7e-m/crtn.o
                0x00010000                STACK_SIZE = DEFINED (STACK_SIZE)?STACK_SIZE:DEFINED (__stack_size__)?__stack_size__:0x10000

.text           0x00000000     0x2a08
                0x00000000                . = ALIGN (0x4)
                0x00000000                _sfixed = .
 *(.vectors .vectors.*)
 .vectors       0x00000000      0x264 Device_Startup/startup_same54.o
                0x00000000                exception_table
 *(.text .text.* .gnu.linkonce.t.*)
 .text          0x00000264       0x6c c:/program files (x86)/atmel/studio/7.0/toolchain/arm/arm-gnu-toolchain/bin/../lib/gcc/arm-none-eabi/6.3.1/thumb/v7e-m/crtbegin.o
 .text.COMM_Port_Setup
                0x000002d0       0xb4 comm.o
                0x000002d0                COMM_Port_Setup
 .text.terminal_UART_setup
                0x00000384       0xa8 comm.o
                0x00000384                terminal_UART_setup
 .text.SERCOM0_2_Handler
                0x0000042c       0x38 comm.o
                0x0000042c                SERCOM0_2_Handler
 .text.SPI_setup
                0x00000464       0x70 comm.o
                0x00000464                SPI_setup
 .text.write_terminal
                0x000004d4       0x2c comm.o
                0x000004d4                write_terminal
 .text.write_menu
                0x00000500       0x2c comm.o
                0x00000500                write_menu
 .text.write_SPI
                0x0000052c       0x84 comm.o
                0x0000052c                write_SPI
 .text.dacValue
                0x000005b0       0x88 comm.o
                0x000005b0                dacValue
 .text.DAC_select
                0x00000638       0x84 comm.o
                0x00000638                DAC_select
 .text.Dummy_Handler
                0x000006bc        0x2 Device_Startup/startup_same54.o
                0x000006bc                EIC_5_Handler
                0x000006bc                DebugMon_Handler
                0x000006bc                EIC_13_Handler
                0x000006bc                EVSYS_0_Handler
                0x000006bc                TCC1_3_Handler
                0x000006bc                DAC_3_Handler
                0x000006bc                TRNG_Handler
                0x000006bc                HardFault_Handler
                0x000006bc                TC2_Handler
                0x000006bc                PDEC_2_Handler
                0x000006bc                EIC_4_Handler
                0x000006bc                AC_Handler
                0x000006bc                SERCOM3_1_Handler
                0x000006bc                SysTick_Handler
                0x000006bc                TCC2_3_Handler
                0x000006bc                SERCOM3_2_Handler
                0x000006bc                PendSV_Handler
                0x000006bc                NMI_Handler
                0x000006bc                TC7_Handler
                0x000006bc                ADC1_1_Handler
                0x000006bc                EVSYS_3_Handler
                0x000006bc                PDEC_0_Handler
                0x000006bc                QSPI_Handler
                0x000006bc                TCC0_0_Handler
                0x000006bc                EIC_3_Handler
                0x000006bc                TAL_0_Handler
                0x000006bc                DAC_2_Handler
                0x000006bc                SERCOM0_0_Handler
                0x000006bc                RTC_Handler
                0x000006bc                UsageFault_Handler
                0x000006bc                SERCOM4_0_Handler
                0x000006bc                EIC_10_Handler
                0x000006bc                SERCOM0_3_Handler
                0x000006bc                EIC_9_Handler
                0x000006bc                OSC32KCTRL_Handler
                0x000006bc                TCC2_1_Handler
                0x000006bc                SUPC_1_Handler
                0x000006bc                TCC0_5_Handler
                0x000006bc                TCC0_6_Handler
                0x000006bc                SERCOM6_2_Handler
                0x000006bc                EVSYS_1_Handler
                0x000006bc                TCC1_4_Handler
                0x000006bc                TC6_Handler
                0x000006bc                DMAC_0_Handler
                0x000006bc                WDT_Handler
                0x000006bc                CAN0_Handler
                0x000006bc                EIC_8_Handler
                0x000006bc                EIC_15_Handler
                0x000006bc                SERCOM6_0_Handler
                0x000006bc                SERCOM5_0_Handler
                0x000006bc                TC1_Handler
                0x000006bc                OSCCTRL_4_Handler
                0x000006bc                SERCOM4_3_Handler
                0x000006bc                EIC_12_Handler
                0x000006bc                DMAC_4_Handler
                0x000006bc                TCC4_2_Handler
                0x000006bc                PAC_Handler
                0x000006bc                TCC1_0_Handler
                0x000006bc                USB_0_Handler
                0x000006bc                OSCCTRL_0_Handler
                0x000006bc                EIC_0_Handler
                0x000006bc                OSCCTRL_3_Handler
                0x000006bc                SERCOM4_1_Handler
                0x000006bc                TC3_Handler
                0x000006bc                Dummy_Handler
                0x000006bc                TCC3_0_Handler
                0x000006bc                TCC2_2_Handler
                0x000006bc                SERCOM5_1_Handler
                0x000006bc                TCC1_1_Handler
                0x000006bc                DMAC_2_Handler
                0x000006bc                ADC0_0_Handler
                0x000006bc                SERCOM0_1_Handler
                0x000006bc                OSCCTRL_2_Handler
                0x000006bc                ADC1_0_Handler
                0x000006bc                TCC1_2_Handler
                0x000006bc                SERCOM7_1_Handler
                0x000006bc                USB_1_Handler
                0x000006bc                PM_Handler
                0x000006bc                SERCOM6_3_Handler
                0x000006bc                SERCOM2_3_Handler
                0x000006bc                DAC_4_Handler
                0x000006bc                TCC3_2_Handler
                0x000006bc                SERCOM7_0_Handler
                0x000006bc                TCC0_2_Handler
                0x000006bc                DMAC_1_Handler
                0x000006bc                TCC4_0_Handler
                0x000006bc                SERCOM7_3_Handler
                0x000006bc                GMAC_Handler
                0x000006bc                SDHC1_Handler
                0x000006bc                USB_3_Handler
                0x000006bc                SERCOM7_2_Handler
                0x000006bc                CAN1_Handler
                0x000006bc                TCC2_0_Handler
                0x000006bc                PDEC_1_Handler
                0x000006bc                MemManage_Handler
                0x000006bc                TCC4_1_Handler
                0x000006bc                SERCOM5_3_Handler
                0x000006bc                USB_2_Handler
                0x000006bc                SVC_Handler
                0x000006bc                SERCOM6_1_Handler
                0x000006bc                SDHC0_Handler
                0x000006bc                SERCOM1_1_Handler
                0x000006bc                I2S_Handler
                0x000006bc                EIC_2_Handler
                0x000006bc                PCC_Handler
                0x000006bc                DAC_0_Handler
                0x000006bc                TCC0_1_Handler
                0x000006bc                SERCOM1_3_Handler
                0x000006bc                OSCCTRL_1_Handler
                0x000006bc                SERCOM1_0_Handler
                0x000006bc                PUKCC_Handler
                0x000006bc                SERCOM2_1_Handler
                0x000006bc                SERCOM3_0_Handler
                0x000006bc                EIC_1_Handler
                0x000006bc                SERCOM4_2_Handler
                0x000006bc                EVSYS_4_Handler
                0x000006bc                EIC_7_Handler
                0x000006bc                NVMCTRL_1_Handler
                0x000006bc                SERCOM5_2_Handler
                0x000006bc                SERCOM3_3_Handler
                0x000006bc                ADC0_1_Handler
                0x000006bc                TCC3_1_Handler
                0x000006bc                EIC_14_Handler
                0x000006bc                DAC_1_Handler
                0x000006bc                NVMCTRL_0_Handler
                0x000006bc                TAL_1_Handler
                0x000006bc                MCLK_Handler
                0x000006bc                EVSYS_2_Handler
                0x000006bc                SUPC_0_Handler
                0x000006bc                BusFault_Handler
                0x000006bc                FREQM_Handler
                0x000006bc                TC0_Handler
                0x000006bc                TCC0_3_Handler
                0x000006bc                DMAC_3_Handler
                0x000006bc                TCC0_4_Handler
                0x000006bc                RAMECC_Handler
                0x000006bc                SERCOM2_0_Handler
                0x000006bc                AES_Handler
                0x000006bc                ICM_Handler
 *fill*         0x000006be        0x2 
 .text.Reset_Handler
                0x000006c0       0x84 Device_Startup/startup_same54.o
                0x000006c0                Reset_Handler
 .text.SystemInit
                0x00000744       0x10 Device_Startup/system_same54.o
                0x00000744                SystemInit
 .text.laser_port_setup
                0x00000754       0x84 lasers.o
                0x00000754                laser_port_setup
 .text.laser0_control_UART_setup
                0x000007d8       0xa8 lasers.o
                0x000007d8                laser0_control_UART_setup
 .text.laser1_control_UART_setup
                0x00000880       0xa8 lasers.o
                0x00000880                laser1_control_UART_setup
 .text.SERCOM2_2_Handler
                0x00000928       0x44 lasers.o
                0x00000928                SERCOM2_2_Handler
 .text.SERCOM1_2_Handler
                0x0000096c       0x44 lasers.o
                0x0000096c                SERCOM1_2_Handler
 .text.write_laser
                0x000009b0       0x58 lasers.o
                0x000009b0                write_laser
 .text.laser_info_com
                0x00000a08      0x1fc lasers.o
                0x00000a08                laser_info_com
 .text.laser_com
                0x00000c04       0x84 lasers.o
                0x00000c04                laser_com
 .text.laser_start_seq
                0x00000c88       0x48 lasers.o
                0x00000c88                laser_start_seq
 .text.laser_key_EIC_setup
                0x00000cd0       0x78 lasers.o
                0x00000cd0                laser_key_EIC_setup
 .text.EIC_11_Handler
                0x00000d48       0x24 lasers.o
                0x00000d48                EIC_11_Handler
 .text.laser_key_delay_timer_setup
                0x00000d6c       0x70 lasers.o
                0x00000d6c                laser_key_delay_timer_setup
 .text.TC5_Handler
                0x00000ddc       0x70 lasers.o
                0x00000ddc                TC5_Handler
 .text.clock_setup
                0x00000e4c       0xd8 main.o
                0x00000e4c                clock_setup
 .text.port_control
                0x00000f24      0x138 main.o
                0x00000f24                port_control
 .text.wait     0x0000105c       0x28 main.o
                0x0000105c                wait
 .text.convert  0x00001084       0xe8 main.o
                0x00001084                convert
 *fill*         0x0000116c        0x4 
 .text.main     0x00001170      0x31c main.o
                0x00001170                main
 .text.motor_port_setup
                0x0000148c       0x2c motor.o
                0x0000148c                motor_port_setup
 .text.motor_EIC_setup
                0x000014b8       0x54 motor.o
                0x000014b8                motor_EIC_setup
 .text.EIC_6_Handler
                0x0000150c       0x20 motor.o
                0x0000150c                EIC_6_Handler
 .text.wait_motor
                0x0000152c       0x24 motor.o
                0x0000152c                wait_motor
 .text.motor_state_machine
                0x00001550      0x13c motor.o
                0x00001550                motor_state_machine
 .text.motor_hone
                0x0000168c       0x2c motor.o
                0x0000168c                motor_hone
 .text.rtd_port_setup
                0x000016b8      0x100 temp.o
                0x000016b8                rtd_port_setup
 .text.ADC_1_Setup
                0x000017b8       0x7c temp.o
                0x000017b8                ADC_1_Setup
 .text.ADC_0_Setup
                0x00001834       0x7c temp.o
                0x00001834                ADC_0_Setup
 .text.rtd_TC_Setup
                0x000018b0       0x60 temp.o
                0x000018b0                rtd_TC_Setup
 .text.check_RTDs
                0x00001910      0x1cc temp.o
                0x00001910                check_RTDs
 .text.TC4_Handler
                0x00001adc       0x30 temp.o
                0x00001adc                TC4_Handler
 .text.display_RTDs
                0x00001b0c       0x20 temp.o
                0x00001b0c                display_RTDs
 .text          0x00001b2c      0x370 c:/program files (x86)/atmel/studio/7.0/toolchain/arm/arm-gnu-toolchain/bin/../lib/gcc/arm-none-eabi/6.3.1/thumb/v7e-m\libgcc.a(_arm_addsubdf3.o)
                0x00001b2c                __aeabi_drsub
                0x00001b34                __aeabi_dsub
                0x00001b34                __subdf3
                0x00001b38                __aeabi_dadd
                0x00001b38                __adddf3
                0x00001db0                __floatunsidf
                0x00001db0                __aeabi_ui2d
                0x00001dd0                __floatsidf
                0x00001dd0                __aeabi_i2d
                0x00001df4                __aeabi_f2d
                0x00001df4                __extendsfdf2
                0x00001e30                __floatundidf
                0x00001e30                __aeabi_ul2d
                0x00001e40                __floatdidf
                0x00001e40                __aeabi_l2d
 .text          0x00001e9c      0x424 c:/program files (x86)/atmel/studio/7.0/toolchain/arm/arm-gnu-toolchain/bin/../lib/gcc/arm-none-eabi/6.3.1/thumb/v7e-m\libgcc.a(_arm_muldivdf3.o)
                0x00001e9c                __aeabi_dmul
                0x00001e9c                __muldf3
                0x000020f0                __divdf3
                0x000020f0                __aeabi_ddiv
 .text          0x000022c0       0xa0 c:/program files (x86)/atmel/studio/7.0/toolchain/arm/arm-gnu-toolchain/bin/../lib/gcc/arm-none-eabi/6.3.1/thumb/v7e-m\libgcc.a(_arm_truncdfsf2.o)
                0x000022c0                __truncdfsf2
                0x000022c0                __aeabi_d2f
 .text          0x00002360      0x21c c:/program files (x86)/atmel/studio/7.0/toolchain/arm/arm-gnu-toolchain/bin/../lib/gcc/arm-none-eabi/6.3.1/thumb/v7e-m\libgcc.a(_arm_addsubsf3.o)
                0x00002360                __aeabi_frsub
                0x00002368                __subsf3
                0x00002368                __aeabi_fsub
                0x0000236c                __aeabi_fadd
                0x0000236c                __addsf3
                0x000024cc                __aeabi_ui2f
                0x000024cc                __floatunsisf
                0x000024d4                __aeabi_i2f
                0x000024d4                __floatsisf
                0x000024f0                __aeabi_ul2f
                0x000024f0                __floatundisf
                0x00002500                __aeabi_l2f
                0x00002500                __floatdisf
 .text          0x0000257c      0x2a0 c:/program files (x86)/atmel/studio/7.0/toolchain/arm/arm-gnu-toolchain/bin/../lib/gcc/arm-none-eabi/6.3.1/thumb/v7e-m\libgcc.a(_arm_muldivsf3.o)
                0x0000257c                __mulsf3
                0x0000257c                __aeabi_fmul
                0x000026e4                __aeabi_fdiv
                0x000026e4                __divsf3
 .text          0x0000281c       0x4c c:/program files (x86)/atmel/studio/7.0/toolchain/arm/arm-gnu-toolchain/bin/../lib/gcc/arm-none-eabi/6.3.1/thumb/v7e-m\libgcc.a(_arm_fixsfsi.o)
                0x0000281c                __aeabi_f2iz
                0x0000281c                __fixsfsi
 .text.__libc_init_array
                0x00002868       0x50 c:/program files (x86)/atmel/studio/7.0/toolchain/arm/arm-gnu-toolchain/bin/../lib/gcc/arm-none-eabi/6.3.1/../../../../arm-none-eabi/lib/thumb/v7e-m\libc.a(lib_a-init.o)
                0x00002868                __libc_init_array
 .text.startup.register_fini
                0x000028b8       0x14 c:/program files (x86)/atmel/studio/7.0/toolchain/arm/arm-gnu-toolchain/bin/../lib/gcc/arm-none-eabi/6.3.1/../../../../arm-none-eabi/lib/thumb/v7e-m\libc.a(lib_a-__call_atexit.o)
 .text.atexit   0x000028cc        0xc c:/program files (x86)/atmel/studio/7.0/toolchain/arm/arm-gnu-toolchain/bin/../lib/gcc/arm-none-eabi/6.3.1/../../../../arm-none-eabi/lib/thumb/v7e-m\libc.a(lib_a-atexit.o)
                0x000028cc                atexit
 .text.__libc_fini_array
                0x000028d8       0x34 c:/program files (x86)/atmel/studio/7.0/toolchain/arm/arm-gnu-toolchain/bin/../lib/gcc/arm-none-eabi/6.3.1/../../../../arm-none-eabi/lib/thumb/v7e-m\libc.a(lib_a-fini.o)
                0x000028d8                __libc_fini_array
 .text.__retarget_lock_acquire_recursive
                0x0000290c        0x4 c:/program files (x86)/atmel/studio/7.0/toolchain/arm/arm-gnu-toolchain/bin/../lib/gcc/arm-none-eabi/6.3.1/../../../../arm-none-eabi/lib/thumb/v7e-m\libc.a(lib_a-lock.o)
                0x0000290c                __retarget_lock_acquire_recursive
 .text.__retarget_lock_release_recursive
                0x00002910        0x4 c:/program files (x86)/atmel/studio/7.0/toolchain/arm/arm-gnu-toolchain/bin/../lib/gcc/arm-none-eabi/6.3.1/../../../../arm-none-eabi/lib/thumb/v7e-m\libc.a(lib_a-lock.o)
                0x00002910                __retarget_lock_release_recursive
 .text.__register_exitproc
                0x00002914       0xc4 c:/program files (x86)/atmel/studio/7.0/toolchain/arm/arm-gnu-toolchain/bin/../lib/gcc/arm-none-eabi/6.3.1/../../../../arm-none-eabi/lib/thumb/v7e-m\libc.a(lib_a-__atexit.o)
                0x00002914                __register_exitproc
 *(.glue_7t)
 .glue_7t       0x000029d8        0x0 linker stubs
 *(.glue_7)
 .glue_7        0x000029d8        0x0 linker stubs
 *(.rodata .rodata* .gnu.linkonce.r.*)
 .rodata.str1.4
                0x000029d8        0x8 main.o
 .rodata._global_impure_ptr
                0x000029e0        0x4 c:/program files (x86)/atmel/studio/7.0/toolchain/arm/arm-gnu-toolchain/bin/../lib/gcc/arm-none-eabi/6.3.1/../../../../arm-none-eabi/lib/thumb/v7e-m\libc.a(lib_a-impure.o)
                0x000029e0                _global_impure_ptr
 *(.ARM.extab* .gnu.linkonce.armextab.*)
                0x000029e4                . = ALIGN (0x4)
 *(.init)
 .init          0x000029e4        0x4 c:/program files (x86)/atmel/studio/7.0/toolchain/arm/arm-gnu-toolchain/bin/../lib/gcc/arm-none-eabi/6.3.1/thumb/v7e-m/crti.o
                0x000029e4                _init
 .init          0x000029e8        0x8 c:/program files (x86)/atmel/studio/7.0/toolchain/arm/arm-gnu-toolchain/bin/../lib/gcc/arm-none-eabi/6.3.1/thumb/v7e-m/crtn.o
                0x000029f0                . = ALIGN (0x4)
                0x000029f0                __preinit_array_start = .
 *(.preinit_array)
                0x000029f0                __preinit_array_end = .
                0x000029f0                . = ALIGN (0x4)
                0x000029f0                __init_array_start = .
 *(SORT(.init_array.*))
 .init_array.00000
                0x000029f0        0x4 c:/program files (x86)/atmel/studio/7.0/toolchain/arm/arm-gnu-toolchain/bin/../lib/gcc/arm-none-eabi/6.3.1/../../../../arm-none-eabi/lib/thumb/v7e-m\libc.a(lib_a-__call_atexit.o)
 *(.init_array)
 .init_array    0x000029f4        0x4 c:/program files (x86)/atmel/studio/7.0/toolchain/arm/arm-gnu-toolchain/bin/../lib/gcc/arm-none-eabi/6.3.1/thumb/v7e-m/crtbegin.o
                0x000029f8                __init_array_end = .
                0x000029f8                . = ALIGN (0x4)
 *crtbegin.o(.ctors)
 *(EXCLUDE_FILE(*crtend.o) .ctors)
 *(SORT(.ctors.*))
 *crtend.o(.ctors)
                0x000029f8                . = ALIGN (0x4)
 *(.fini)
 .fini          0x000029f8        0x4 c:/program files (x86)/atmel/studio/7.0/toolchain/arm/arm-gnu-toolchain/bin/../lib/gcc/arm-none-eabi/6.3.1/thumb/v7e-m/crti.o
                0x000029f8                _fini
 .fini          0x000029fc        0x8 c:/program files (x86)/atmel/studio/7.0/toolchain/arm/arm-gnu-toolchain/bin/../lib/gcc/arm-none-eabi/6.3.1/thumb/v7e-m/crtn.o
                0x00002a04                . = ALIGN (0x4)
                0x00002a04                __fini_array_start = .
 *(.fini_array)
 .fini_array    0x00002a04        0x4 c:/program files (x86)/atmel/studio/7.0/toolchain/arm/arm-gnu-toolchain/bin/../lib/gcc/arm-none-eabi/6.3.1/thumb/v7e-m/crtbegin.o
 *(SORT(.fini_array.*))
                0x00002a08                __fini_array_end = .
 *crtbegin.o(.dtors)
 *(EXCLUDE_FILE(*crtend.o) .dtors)
 *(SORT(.dtors.*))
 *crtend.o(.dtors)
                0x00002a08                . = ALIGN (0x4)
                0x00002a08                _efixed = .
                [!provide]                PROVIDE (__exidx_start, .)

.vfp11_veneer   0x00002a08        0x0
 .vfp11_veneer  0x00002a08        0x0 linker stubs

.v4_bx          0x00002a08        0x0
 .v4_bx         0x00002a08        0x0 linker stubs

.iplt           0x00002a08        0x0
 .iplt          0x00002a08        0x0 c:/program files (x86)/atmel/studio/7.0/toolchain/arm/arm-gnu-toolchain/bin/../lib/gcc/arm-none-eabi/6.3.1/thumb/v7e-m/crtbegin.o

.eh_frame       0x00002a08        0x0
 .eh_frame      0x00002a08        0x0 c:/program files (x86)/atmel/studio/7.0/toolchain/arm/arm-gnu-toolchain/bin/../lib/gcc/arm-none-eabi/6.3.1/thumb/v7e-m/crtbegin.o

.rel.dyn        0x00002a08        0x0
 .rel.iplt      0x00002a08        0x0 c:/program files (x86)/atmel/studio/7.0/toolchain/arm/arm-gnu-toolchain/bin/../lib/gcc/arm-none-eabi/6.3.1/thumb/v7e-m/crtbegin.o

.jcr            0x00002a08        0x0
 .jcr           0x00002a08        0x0 c:/program files (x86)/atmel/studio/7.0/toolchain/arm/arm-gnu-toolchain/bin/../lib/gcc/arm-none-eabi/6.3.1/thumb/v7e-m/crtbegin.o

.igot.plt       0x00002a08        0x0
 .igot.plt      0x00002a08        0x0 c:/program files (x86)/atmel/studio/7.0/toolchain/arm/arm-gnu-toolchain/bin/../lib/gcc/arm-none-eabi/6.3.1/thumb/v7e-m/crtbegin.o

.ARM.exidx
 *(.ARM.exidx* .gnu.linkonce.armexidx.*)
                [!provide]                PROVIDE (__exidx_end, .)
                0x00002a08                . = ALIGN (0x4)
                0x00002a08                _etext = .

.relocate       0x20000000      0xb54 load address 0x00002a08
                0x20000000                . = ALIGN (0x4)
                0x20000000                _srelocate = .
 *(.ramfunc .ramfunc.*)
 *(.data .data.*)
 .data          0x20000000        0xa comm.o
                0x20000000                terminal_input_Array
 *fill*         0x2000000a        0x2 
 .data          0x2000000c        0x4 Device_Startup/system_same54.o
                0x2000000c                SystemCoreClock
 .data          0x20000010       0x60 lasers.o
                0x20000010                laser_Icommand0
                0x20000018                laser_Icommand1
                0x2000001c                laser_Icommand2
                0x20000024                laser_Icommand3
                0x2000002c                laser_Icommand4
                0x20000030                laser_Icommand5
                0x20000034                laser_Icommand6
                0x2000003c                laser_Icommand7
                0x20000040                laser_Icommand8
                0x20000048                laser_command0
                0x2000004c                laser_command1
                0x20000054                laser_Scommand0
                0x20000060                laser_Scommand1
                0x2000006c                laser_command2
 .data          0x20000070      0x6ae main.o
                0x20000070                menu_array
 *fill*         0x2000071e        0x2 
 .data          0x20000720        0x4 motor.o
 *fill*         0x20000724        0x4 
 .data.impure_data
                0x20000728      0x428 c:/program files (x86)/atmel/studio/7.0/toolchain/arm/arm-gnu-toolchain/bin/../lib/gcc/arm-none-eabi/6.3.1/../../../../arm-none-eabi/lib/thumb/v7e-m\libc.a(lib_a-impure.o)
 .data.__atexit_recursive_mutex
                0x20000b50        0x4 c:/program files (x86)/atmel/studio/7.0/toolchain/arm/arm-gnu-toolchain/bin/../lib/gcc/arm-none-eabi/6.3.1/../../../../arm-none-eabi/lib/thumb/v7e-m\libc.a(lib_a-__call_atexit.o)
                0x20000b50                __atexit_recursive_mutex
                0x20000b54                . = ALIGN (0x4)
                0x20000b54                _erelocate = .

.bkupram        0x47000000        0x0
                0x47000000                . = ALIGN (0x8)
                0x47000000                _sbkupram = .
 *(.bkupram .bkupram.*)
                0x47000000                . = ALIGN (0x8)
                0x47000000                _ebkupram = .

.qspi           0x04000000        0x0
                0x04000000                . = ALIGN (0x8)
                0x04000000                _sqspi = .
 *(.qspi .qspi.*)
                0x04000000                . = ALIGN (0x8)
                0x04000000                _eqspi = .

.bss            0x20000b54       0xdc load address 0x0000355c
                0x20000b54                . = ALIGN (0x4)
                0x20000b54                _sbss = .
                0x20000b54                _szero = .
 *(.bss .bss.*)
 .bss           0x20000b54       0x1c c:/program files (x86)/atmel/studio/7.0/toolchain/arm/arm-gnu-toolchain/bin/../lib/gcc/arm-none-eabi/6.3.1/thumb/v7e-m/crtbegin.o
 .bss           0x20000b70        0x8 comm.o
                0x20000b70                receive_count
 .bss           0x20000b78        0x9 lasers.o
                0x20000b80                EIC_pinstate
 *fill*         0x20000b81        0x3 
 .bss           0x20000b84        0x8 motor.o
                0x20000b84                catch
                0x20000b85                motor_on
 .bss           0x20000b8c       0x20 temp.o
                0x20000b8c                RTD_array
 *(COMMON)
 COMMON         0x20000bac       0x12 comm.o
                0x20000bac                slaveSel
                0x20000bb0                DAC_array_ptr
                0x20000bb4                receive_key
                0x20000bb8                terminal_input_array_ptr
                0x20000bbc                DAC_array
 *fill*         0x20000bbe        0x2 
 COMMON         0x20000bc0       0x34 lasers.o
                0x20000bc0                laser1_response_array
                0x20000bd4                laser1_response_array_ptr
                0x20000bd8                laser0_response_array
                0x20000bec                laser_command_ptr
                0x20000bf0                laser0_response_array_ptr
 COMMON         0x20000bf4        0xc main.o
                0x20000bf4                convert_array
                0x20000bf8                convert_array_ptr
                0x20000bfc                menu_ptr
 COMMON         0x20000c00        0x8 motor.o
                0x20000c00                steps
                0x20000c04                state
 COMMON         0x20000c08        0x4 temp.o
                0x20000c08                RTD_array_ptr
 COMMON         0x20000c0c       0x21 c:/program files (x86)/atmel/studio/7.0/toolchain/arm/arm-gnu-toolchain/bin/../lib/gcc/arm-none-eabi/6.3.1/../../../../arm-none-eabi/lib/thumb/v7e-m\libc.a(lib_a-lock.o)
                0x20000c0c                __lock___atexit_recursive_mutex
                0x20000c10                __lock___arc4random_mutex
                0x20000c14                __lock___env_recursive_mutex
                0x20000c18                __lock___sinit_recursive_mutex
                0x20000c1c                __lock___malloc_recursive_mutex
                0x20000c20                __lock___at_quick_exit_mutex
                0x20000c24                __lock___dd_hash_mutex
                0x20000c28                __lock___tz_mutex
                0x20000c2c                __lock___sfp_recursive_mutex
                0x20000c30                . = ALIGN (0x4)
 *fill*         0x20000c2d        0x3 
                0x20000c30                _ebss = .
                0x20000c30                _ezero = .

.stack          0x20000c30    0x10000 load address 0x00003638
                0x20000c30                . = ALIGN (0x8)
                0x20000c30                _sstack = .
                0x20010c30                . = (. + STACK_SIZE)
 *fill*         0x20000c30    0x10000 
                0x20010c30                . = ALIGN (0x8)
                0x20010c30                _estack = .
                0x20010c30                . = ALIGN (0x4)
                0x20010c30                _end = .
OUTPUT(SAME54v3.elf elf32-littlearm)

.ARM.attributes
                0x00000000       0x2a
 .ARM.attributes
                0x00000000       0x1e c:/program files (x86)/atmel/studio/7.0/toolchain/arm/arm-gnu-toolchain/bin/../lib/gcc/arm-none-eabi/6.3.1/thumb/v7e-m/crti.o
 .ARM.attributes
                0x0000001e       0x2e c:/program files (x86)/atmel/studio/7.0/toolchain/arm/arm-gnu-toolchain/bin/../lib/gcc/arm-none-eabi/6.3.1/thumb/v7e-m/crtbegin.o
 .ARM.attributes
                0x0000004c       0x33 comm.o
 .ARM.attributes
                0x0000007f       0x33 Device_Startup/startup_same54.o
 .ARM.attributes
                0x000000b2       0x33 Device_Startup/system_same54.o
 .ARM.attributes
                0x000000e5       0x33 lasers.o
 .ARM.attributes
                0x00000118       0x33 main.o
 .ARM.attributes
                0x0000014b       0x33 motor.o
 .ARM.attributes
                0x0000017e       0x33 temp.o
 .ARM.attributes
                0x000001b1       0x1e c:/program files (x86)/atmel/studio/7.0/toolchain/arm/arm-gnu-toolchain/bin/../lib/gcc/arm-none-eabi/6.3.1/thumb/v7e-m\libgcc.a(_arm_addsubdf3.o)
 .ARM.attributes
                0x000001cf       0x1e c:/program files (x86)/atmel/studio/7.0/toolchain/arm/arm-gnu-toolchain/bin/../lib/gcc/arm-none-eabi/6.3.1/thumb/v7e-m\libgcc.a(_arm_muldivdf3.o)
 .ARM.attributes
                0x000001ed       0x1e c:/program files (x86)/atmel/studio/7.0/toolchain/arm/arm-gnu-toolchain/bin/../lib/gcc/arm-none-eabi/6.3.1/thumb/v7e-m\libgcc.a(_arm_truncdfsf2.o)
 .ARM.attributes
                0x0000020b       0x1e c:/program files (x86)/atmel/studio/7.0/toolchain/arm/arm-gnu-toolchain/bin/../lib/gcc/arm-none-eabi/6.3.1/thumb/v7e-m\libgcc.a(_arm_addsubsf3.o)
 .ARM.attributes
                0x00000229       0x1e c:/program files (x86)/atmel/studio/7.0/toolchain/arm/arm-gnu-toolchain/bin/../lib/gcc/arm-none-eabi/6.3.1/thumb/v7e-m\libgcc.a(_arm_muldivsf3.o)
 .ARM.attributes
                0x00000247       0x1e c:/program files (x86)/atmel/studio/7.0/toolchain/arm/arm-gnu-toolchain/bin/../lib/gcc/arm-none-eabi/6.3.1/thumb/v7e-m\libgcc.a(_arm_fixsfsi.o)
 .ARM.attributes
                0x00000265       0x2e c:/program files (x86)/atmel/studio/7.0/toolchain/arm/arm-gnu-toolchain/bin/../lib/gcc/arm-none-eabi/6.3.1/../../../../arm-none-eabi/lib/thumb/v7e-m\libc.a(lib_a-impure.o)
 .ARM.attributes
                0x00000293       0x2e c:/program files (x86)/atmel/studio/7.0/toolchain/arm/arm-gnu-toolchain/bin/../lib/gcc/arm-none-eabi/6.3.1/../../../../arm-none-eabi/lib/thumb/v7e-m\libc.a(lib_a-init.o)
 .ARM.attributes
                0x000002c1       0x2e c:/program files (x86)/atmel/studio/7.0/toolchain/arm/arm-gnu-toolchain/bin/../lib/gcc/arm-none-eabi/6.3.1/../../../../arm-none-eabi/lib/thumb/v7e-m\libc.a(lib_a-__call_atexit.o)
 .ARM.attributes
                0x000002ef       0x2e c:/program files (x86)/atmel/studio/7.0/toolchain/arm/arm-gnu-toolchain/bin/../lib/gcc/arm-none-eabi/6.3.1/../../../../arm-none-eabi/lib/thumb/v7e-m\libc.a(lib_a-atexit.o)
 .ARM.attributes
                0x0000031d       0x2e c:/program files (x86)/atmel/studio/7.0/toolchain/arm/arm-gnu-toolchain/bin/../lib/gcc/arm-none-eabi/6.3.1/../../../../arm-none-eabi/lib/thumb/v7e-m\libc.a(lib_a-fini.o)
 .ARM.attributes
                0x0000034b       0x2e c:/program files (x86)/atmel/studio/7.0/toolchain/arm/arm-gnu-toolchain/bin/../lib/gcc/arm-none-eabi/6.3.1/../../../../arm-none-eabi/lib/thumb/v7e-m\libc.a(lib_a-lock.o)
 .ARM.attributes
                0x00000379       0x2e c:/program files (x86)/atmel/studio/7.0/toolchain/arm/arm-gnu-toolchain/bin/../lib/gcc/arm-none-eabi/6.3.1/../../../../arm-none-eabi/lib/thumb/v7e-m\libc.a(lib_a-__atexit.o)
 .ARM.attributes
                0x000003a7       0x1e c:/program files (x86)/atmel/studio/7.0/toolchain/arm/arm-gnu-toolchain/bin/../lib/gcc/arm-none-eabi/6.3.1/thumb/v7e-m/crtn.o

.comment        0x00000000       0x59
 .comment       0x00000000       0x59 comm.o
                                 0x5a (size before relaxing)
 .comment       0x00000059       0x5a Device_Startup/startup_same54.o
 .comment       0x00000059       0x5a Device_Startup/system_same54.o
 .comment       0x00000059       0x5a lasers.o
 .comment       0x00000059       0x5a main.o
 .comment       0x00000059       0x5a motor.o
 .comment       0x00000059       0x5a temp.o

.debug_info     0x00000000     0xfcae
 .debug_info    0x00000000     0x2eb2 comm.o
 .debug_info    0x00002eb2      0xd4b Device_Startup/startup_same54.o
 .debug_info    0x00003bfd       0xfe Device_Startup/system_same54.o
 .debug_info    0x00003cfb     0x4b9f lasers.o
 .debug_info    0x0000889a     0x3852 main.o
 .debug_info    0x0000c0ec     0x126d motor.o
 .debug_info    0x0000d359     0x2955 temp.o

.debug_abbrev   0x00000000      0xf9d
 .debug_abbrev  0x00000000      0x270 comm.o
 .debug_abbrev  0x00000270      0x153 Device_Startup/startup_same54.o
 .debug_abbrev  0x000003c3       0x8a Device_Startup/system_same54.o
 .debug_abbrev  0x0000044d      0x318 lasers.o
 .debug_abbrev  0x00000765      0x372 main.o
 .debug_abbrev  0x00000ad7      0x26f motor.o
 .debug_abbrev  0x00000d46      0x257 temp.o

.debug_loc      0x00000000      0x97d
 .debug_loc     0x00000000      0x14f comm.o
 .debug_loc     0x0000014f       0x6b Device_Startup/startup_same54.o
 .debug_loc     0x000001ba      0x289 lasers.o
 .debug_loc     0x00000443      0x3b4 main.o
 .debug_loc     0x000007f7       0xcd motor.o
 .debug_loc     0x000008c4       0xb9 temp.o

.debug_aranges  0x00000000      0x228
 .debug_aranges
                0x00000000       0x60 comm.o
 .debug_aranges
                0x00000060       0x28 Device_Startup/startup_same54.o
 .debug_aranges
                0x00000088       0x28 Device_Startup/system_same54.o
 .debug_aranges
                0x000000b0       0x80 lasers.o
 .debug_aranges
                0x00000130       0x50 main.o
 .debug_aranges
                0x00000180       0x58 motor.o
 .debug_aranges
                0x000001d8       0x50 temp.o

.debug_ranges   0x00000000      0x2d8
 .debug_ranges  0x00000000       0x68 comm.o
 .debug_ranges  0x00000068       0x18 Device_Startup/startup_same54.o
 .debug_ranges  0x00000080       0x18 Device_Startup/system_same54.o
 .debug_ranges  0x00000098      0x110 lasers.o
 .debug_ranges  0x000001a8       0xa8 main.o
 .debug_ranges  0x00000250       0x48 motor.o
 .debug_ranges  0x00000298       0x40 temp.o

.debug_macro    0x00000000    0x2a121
 .debug_macro   0x00000000      0x4a5 comm.o
 .debug_macro   0x000004a5      0x8b0 comm.o
 .debug_macro   0x00000d55       0x22 comm.o
 .debug_macro   0x00000d77       0x87 comm.o
 .debug_macro   0x00000dfe       0x51 comm.o
 .debug_macro   0x00000e4f       0xef comm.o
 .debug_macro   0x00000f3e       0x6a comm.o
 .debug_macro   0x00000fa8      0x1df comm.o
 .debug_macro   0x00001187       0x55 comm.o
 .debug_macro   0x000011dc       0x28 comm.o
 .debug_macro   0x00001204       0xaf comm.o
 .debug_macro   0x000012b3      0xfe7 comm.o
 .debug_macro   0x0000229a      0x706 comm.o
 .debug_macro   0x000029a0      0xb5b comm.o
 .debug_macro   0x000034fb      0x3c0 comm.o
 .debug_macro   0x000038bb     0x2d61 comm.o
 .debug_macro   0x0000661c      0x336 comm.o
 .debug_macro   0x00006952      0x3b7 comm.o
 .debug_macro   0x00006d09      0x668 comm.o
 .debug_macro   0x00007371     0x143f comm.o
 .debug_macro   0x000087b0      0xf20 comm.o
 .debug_macro   0x000096d0      0x67b comm.o
 .debug_macro   0x00009d4b      0x6d7 comm.o
 .debug_macro   0x0000a422      0x172 comm.o
 .debug_macro   0x0000a594      0x395 comm.o
 .debug_macro   0x0000a929     0x19dd comm.o
 .debug_macro   0x0000c306       0x3a comm.o
 .debug_macro   0x0000c340      0x72a comm.o
 .debug_macro   0x0000ca6a      0xb12 comm.o
 .debug_macro   0x0000d57c      0x5e5 comm.o
 .debug_macro   0x0000db61      0xcdf comm.o
 .debug_macro   0x0000e840      0x9b9 comm.o
 .debug_macro   0x0000f1f9      0x2a3 comm.o
 .debug_macro   0x0000f49c      0x8e7 comm.o
 .debug_macro   0x0000fd83      0x1ea comm.o
 .debug_macro   0x0000ff6d      0x8f4 comm.o
 .debug_macro   0x00010861      0x216 comm.o
 .debug_macro   0x00010a77      0x3f9 comm.o
 .debug_macro   0x00010e70      0x620 comm.o
 .debug_macro   0x00011490      0x10d comm.o
 .debug_macro   0x0001159d       0xb8 comm.o
 .debug_macro   0x00011655     0x1df7 comm.o
 .debug_macro   0x0001344c     0x2e69 comm.o
 .debug_macro   0x000162b5     0x11ed comm.o
 .debug_macro   0x000174a2      0x752 comm.o
 .debug_macro   0x00017bf4     0x180c comm.o
 .debug_macro   0x00019400      0x930 comm.o
 .debug_macro   0x00019d30     0x1ad8 comm.o
 .debug_macro   0x0001b808       0xe7 comm.o
 .debug_macro   0x0001b8ef     0x13e6 comm.o
 .debug_macro   0x0001ccd5      0x36a comm.o
 .debug_macro   0x0001d03f       0x94 comm.o
 .debug_macro   0x0001d0d3       0xdc comm.o
 .debug_macro   0x0001d1af       0xe2 comm.o
 .debug_macro   0x0001d291       0xdc comm.o
 .debug_macro   0x0001d36d      0x149 comm.o
 .debug_macro   0x0001d4b6      0x149 comm.o
 .debug_macro   0x0001d5ff       0x46 comm.o
 .debug_macro   0x0001d645       0x4c comm.o
 .debug_macro   0x0001d691       0xc4 comm.o
 .debug_macro   0x0001d755      0x7d5 comm.o
 .debug_macro   0x0001df2a      0x106 comm.o
 .debug_macro   0x0001e030       0x7c comm.o
 .debug_macro   0x0001e0ac      0xc35 comm.o
 .debug_macro   0x0001ece1       0x46 comm.o
 .debug_macro   0x0001ed27      0x25b comm.o
 .debug_macro   0x0001ef82      0x31a comm.o
 .debug_macro   0x0001f29c      0x170 comm.o
 .debug_macro   0x0001f40c       0x7c comm.o
 .debug_macro   0x0001f488       0xbe comm.o
 .debug_macro   0x0001f546       0x4c comm.o
 .debug_macro   0x0001f592       0x82 comm.o
 .debug_macro   0x0001f614      0x1a3 comm.o
 .debug_macro   0x0001f7b7       0x46 comm.o
 .debug_macro   0x0001f7fd       0x6a comm.o
 .debug_macro   0x0001f867       0x46 comm.o
 .debug_macro   0x0001f8ad       0x88 comm.o
 .debug_macro   0x0001f935       0x46 comm.o
 .debug_macro   0x0001f97b      0x24e comm.o
 .debug_macro   0x0001fbc9       0x76 comm.o
 .debug_macro   0x0001fc3f       0x3a comm.o
 .debug_macro   0x0001fc79       0x2e comm.o
 .debug_macro   0x0001fca7      0x196 comm.o
 .debug_macro   0x0001fe3d      0x16f comm.o
 .debug_macro   0x0001ffac      0x16f comm.o
 .debug_macro   0x0002011b      0x25d comm.o
 .debug_macro   0x00020378      0x25d comm.o
 .debug_macro   0x000205d5      0x25d comm.o
 .debug_macro   0x00020832      0x25d comm.o
 .debug_macro   0x00020a8f      0x25d comm.o
 .debug_macro   0x00020cec      0x25d comm.o
 .debug_macro   0x00020f49      0x25d comm.o
 .debug_macro   0x000211a6      0x25d comm.o
 .debug_macro   0x00021403       0x58 comm.o
 .debug_macro   0x0002145b      0x711 comm.o
 .debug_macro   0x00021b6c       0xfa comm.o
 .debug_macro   0x00021c66       0xfa comm.o
 .debug_macro   0x00021d60       0xfa comm.o
 .debug_macro   0x00021e5a       0xfa comm.o
 .debug_macro   0x00021f54       0xfa comm.o
 .debug_macro   0x0002204e       0xfa comm.o
 .debug_macro   0x00022148       0xfa comm.o
 .debug_macro   0x00022242       0xfa comm.o
 .debug_macro   0x0002233c      0x148 comm.o
 .debug_macro   0x00022484      0x124 comm.o
 .debug_macro   0x000225a8      0x106 comm.o
 .debug_macro   0x000226ae       0xee comm.o
 .debug_macro   0x0002279c       0xee comm.o
 .debug_macro   0x0002288a       0x2e comm.o
 .debug_macro   0x000228b8      0x46a comm.o
 .debug_macro   0x00022d22       0x3a comm.o
 .debug_macro   0x00022d5c      0x671 comm.o
 .debug_macro   0x000233cd     0x500f comm.o
 .debug_macro   0x000283dc       0xcf comm.o
 .debug_macro   0x000284ab       0x16 comm.o
 .debug_macro   0x000284c1      0x49c Device_Startup/startup_same54.o
 .debug_macro   0x0002895d      0x4a2 Device_Startup/system_same54.o
 .debug_macro   0x00028dff      0x4b8 lasers.o
 .debug_macro   0x000292b7       0x22 lasers.o
 .debug_macro   0x000292d9      0x4db main.o
 .debug_macro   0x000297b4      0x4c7 motor.o
 .debug_macro   0x00029c7b      0x4a6 temp.o

.debug_line     0x00000000     0x427e
 .debug_line    0x00000000      0x98e comm.o
 .debug_line    0x0000098e      0x86c Device_Startup/startup_same54.o
 .debug_line    0x000011fa      0x85a Device_Startup/system_same54.o
 .debug_line    0x00001a54      0xa90 lasers.o
 .debug_line    0x000024e4      0xaa8 main.o
 .debug_line    0x00002f8c      0x924 motor.o
 .debug_line    0x000038b0      0x9ce temp.o

.debug_str      0x00000000   0x1040c7
 .debug_str     0x00000000   0x102098 comm.o
                             0x1024cf (size before relaxing)
 .debug_str     0x00102098      0xbe1 Device_Startup/startup_same54.o
                             0x10255f (size before relaxing)
 .debug_str     0x00102c79       0x5d Device_Startup/system_same54.o
                             0x1019ad (size before relaxing)
 .debug_str     0x00102cd6      0x740 lasers.o
                             0x102bde (size before relaxing)
 .debug_str     0x00103416      0xc0c main.o
                             0x102a5c (size before relaxing)
 .debug_str     0x00104022       0x8e motor.o
                             0x101f2d (size before relaxing)
 .debug_str     0x001040b0       0x17 temp.o
                             0x1022f6 (size before relaxing)

.debug_frame    0x00000000      0x7f8
 .debug_frame   0x00000000       0xc8 comm.o
 .debug_frame   0x000000c8       0x38 Device_Startup/startup_same54.o
 .debug_frame   0x00000100       0x30 Device_Startup/system_same54.o
 .debug_frame   0x00000130      0x118 lasers.o
 .debug_frame   0x00000248       0xc4 main.o
 .debug_frame   0x0000030c       0xb8 motor.o
 .debug_frame   0x000003c4       0xac temp.o
 .debug_frame   0x00000470       0xac c:/program files (x86)/atmel/studio/7.0/toolchain/arm/arm-gnu-toolchain/bin/../lib/gcc/arm-none-eabi/6.3.1/thumb/v7e-m\libgcc.a(_arm_addsubdf3.o)
 .debug_frame   0x0000051c       0x50 c:/program files (x86)/atmel/studio/7.0/toolchain/arm/arm-gnu-toolchain/bin/../lib/gcc/arm-none-eabi/6.3.1/thumb/v7e-m\libgcc.a(_arm_muldivdf3.o)
 .debug_frame   0x0000056c       0x24 c:/program files (x86)/atmel/studio/7.0/toolchain/arm/arm-gnu-toolchain/bin/../lib/gcc/arm-none-eabi/6.3.1/thumb/v7e-m\libgcc.a(_arm_truncdfsf2.o)
 .debug_frame   0x00000590       0x4c c:/program files (x86)/atmel/studio/7.0/toolchain/arm/arm-gnu-toolchain/bin/../lib/gcc/arm-none-eabi/6.3.1/thumb/v7e-m\libgcc.a(_arm_addsubsf3.o)
 .debug_frame   0x000005dc       0x38 c:/program files (x86)/atmel/studio/7.0/toolchain/arm/arm-gnu-toolchain/bin/../lib/gcc/arm-none-eabi/6.3.1/thumb/v7e-m\libgcc.a(_arm_muldivsf3.o)
 .debug_frame   0x00000614       0x24 c:/program files (x86)/atmel/studio/7.0/toolchain/arm/arm-gnu-toolchain/bin/../lib/gcc/arm-none-eabi/6.3.1/thumb/v7e-m\libgcc.a(_arm_fixsfsi.o)
 .debug_frame   0x00000638       0x2c c:/program files (x86)/atmel/studio/7.0/toolchain/arm/arm-gnu-toolchain/bin/../lib/gcc/arm-none-eabi/6.3.1/../../../../arm-none-eabi/lib/thumb/v7e-m\libc.a(lib_a-init.o)
 .debug_frame   0x00000664       0x5c c:/program files (x86)/atmel/studio/7.0/toolchain/arm/arm-gnu-toolchain/bin/../lib/gcc/arm-none-eabi/6.3.1/../../../../arm-none-eabi/lib/thumb/v7e-m\libc.a(lib_a-__call_atexit.o)
 .debug_frame   0x000006c0       0x20 c:/program files (x86)/atmel/studio/7.0/toolchain/arm/arm-gnu-toolchain/bin/../lib/gcc/arm-none-eabi/6.3.1/../../../../arm-none-eabi/lib/thumb/v7e-m\libc.a(lib_a-atexit.o)
 .debug_frame   0x000006e0       0x34 c:/program files (x86)/atmel/studio/7.0/toolchain/arm/arm-gnu-toolchain/bin/../lib/gcc/arm-none-eabi/6.3.1/../../../../arm-none-eabi/lib/thumb/v7e-m\libc.a(lib_a-fini.o)
 .debug_frame   0x00000714       0xb0 c:/program files (x86)/atmel/studio/7.0/toolchain/arm/arm-gnu-toolchain/bin/../lib/gcc/arm-none-eabi/6.3.1/../../../../arm-none-eabi/lib/thumb/v7e-m\libc.a(lib_a-lock.o)
 .debug_frame   0x000007c4       0x34 c:/program files (x86)/atmel/studio/7.0/toolchain/arm/arm-gnu-toolchain/bin/../lib/gcc/arm-none-eabi/6.3.1/../../../../arm-none-eabi/lib/thumb/v7e-m\libc.a(lib_a-__atexit.o)
